// Jest Snapshot v1, https://goo.gl/fbAQLP

exports[`Film component should render 1`] = `
<DocumentFragment>
  <div
    class="sc-bdfBwQ xIJVX"
  >
    First film: A New Hope
  </div>
</DocumentFragment>
`;
