// Jest Snapshot v1, https://goo.gl/fbAQLP

exports[`Planet component should render 1`] = `
<DocumentFragment>
  <div
    class="sc-bdfBwQ xIJVX"
  >
    Home planet: Tatooine
  </div>
</DocumentFragment>
`;
